Archive member included to satisfy reference by file (symbol)

c:/siliconlabs/simplicitystudio/v4/developer/toolchains/gnu_arm/7.2_2017q4/bin/../lib/gcc/arm-none-eabi/7.2.1/../../../../arm-none-eabi/lib/thumb/v7e-m/fpv4-sp/softfp\libc_nano.a(lib_a-exit.o)
                              c:/siliconlabs/simplicitystudio/v4/developer/toolchains/gnu_arm/7.2_2017q4/bin/../lib/gcc/arm-none-eabi/7.2.1/../../../../arm-none-eabi/lib/thumb/v7e-m/fpv4-sp/softfp/crt0.o (exit)
c:/siliconlabs/simplicitystudio/v4/developer/toolchains/gnu_arm/7.2_2017q4/bin/../lib/gcc/arm-none-eabi/7.2.1/../../../../arm-none-eabi/lib/thumb/v7e-m/fpv4-sp/softfp\libc_nano.a(lib_a-impure.o)
                              c:/siliconlabs/simplicitystudio/v4/developer/toolchains/gnu_arm/7.2_2017q4/bin/../lib/gcc/arm-none-eabi/7.2.1/../../../../arm-none-eabi/lib/thumb/v7e-m/fpv4-sp/softfp\libc_nano.a(lib_a-exit.o) (_global_impure_ptr)
c:/siliconlabs/simplicitystudio/v4/developer/toolchains/gnu_arm/7.2_2017q4/bin/../lib/gcc/arm-none-eabi/7.2.1/../../../../arm-none-eabi/lib/thumb/v7e-m/fpv4-sp/softfp\libc_nano.a(lib_a-init.o)
                              c:/siliconlabs/simplicitystudio/v4/developer/toolchains/gnu_arm/7.2_2017q4/bin/../lib/gcc/arm-none-eabi/7.2.1/../../../../arm-none-eabi/lib/thumb/v7e-m/fpv4-sp/softfp/crt0.o (__libc_init_array)
c:/siliconlabs/simplicitystudio/v4/developer/toolchains/gnu_arm/7.2_2017q4/bin/../lib/gcc/arm-none-eabi/7.2.1/../../../../arm-none-eabi/lib/thumb/v7e-m/fpv4-sp/softfp\libc_nano.a(lib_a-memset.o)
                              c:/siliconlabs/simplicitystudio/v4/developer/toolchains/gnu_arm/7.2_2017q4/bin/../lib/gcc/arm-none-eabi/7.2.1/../../../../arm-none-eabi/lib/thumb/v7e-m/fpv4-sp/softfp/crt0.o (memset)
c:/siliconlabs/simplicitystudio/v4/developer/toolchains/gnu_arm/7.2_2017q4/bin/../lib/gcc/arm-none-eabi/7.2.1/../../../../arm-none-eabi/lib/thumb/v7e-m/fpv4-sp/softfp\libnosys.a(_exit.o)
                              c:/siliconlabs/simplicitystudio/v4/developer/toolchains/gnu_arm/7.2_2017q4/bin/../lib/gcc/arm-none-eabi/7.2.1/../../../../arm-none-eabi/lib/thumb/v7e-m/fpv4-sp/softfp\libc_nano.a(lib_a-exit.o) (_exit)

Allocating common symbols
Common symbol       size              file

audioData           0x4000            ./src/main_s1.o
sample              0x4               ./src/main_s1.o
audioData_counter   0x2               ./src/main_s1.o

Discarded input sections

 .text          0x00000000        0x0 c:/siliconlabs/simplicitystudio/v4/developer/toolchains/gnu_arm/7.2_2017q4/bin/../lib/gcc/arm-none-eabi/7.2.1/thumb/v7e-m/fpv4-sp/softfp/crti.o
 .data          0x00000000        0x0 c:/siliconlabs/simplicitystudio/v4/developer/toolchains/gnu_arm/7.2_2017q4/bin/../lib/gcc/arm-none-eabi/7.2.1/thumb/v7e-m/fpv4-sp/softfp/crti.o
 .bss           0x00000000        0x0 c:/siliconlabs/simplicitystudio/v4/developer/toolchains/gnu_arm/7.2_2017q4/bin/../lib/gcc/arm-none-eabi/7.2.1/thumb/v7e-m/fpv4-sp/softfp/crti.o
 .data          0x00000000        0x4 c:/siliconlabs/simplicitystudio/v4/developer/toolchains/gnu_arm/7.2_2017q4/bin/../lib/gcc/arm-none-eabi/7.2.1/thumb/v7e-m/fpv4-sp/softfp/crtbegin.o
 .data          0x00000000        0x0 c:/siliconlabs/simplicitystudio/v4/developer/toolchains/gnu_arm/7.2_2017q4/bin/../lib/gcc/arm-none-eabi/7.2.1/../../../../arm-none-eabi/lib/thumb/v7e-m/fpv4-sp/softfp/crt0.o
 .bss           0x00000000        0x0 c:/siliconlabs/simplicitystudio/v4/developer/toolchains/gnu_arm/7.2_2017q4/bin/../lib/gcc/arm-none-eabi/7.2.1/../../../../arm-none-eabi/lib/thumb/v7e-m/fpv4-sp/softfp/crt0.o
 .ARM.extab     0x00000000        0x0 c:/siliconlabs/simplicitystudio/v4/developer/toolchains/gnu_arm/7.2_2017q4/bin/../lib/gcc/arm-none-eabi/7.2.1/../../../../arm-none-eabi/lib/thumb/v7e-m/fpv4-sp/softfp/crt0.o
 .data          0x00000000        0x0 ./CMSIS/EFM32PG1B/startup_efm32pg1b.o
 .bss           0x00000000        0x0 ./CMSIS/EFM32PG1B/startup_efm32pg1b.o
 .group         0x00000000        0xc ./CMSIS/EFM32PG1B/system_efm32pg1b.o
 .group         0x00000000        0xc ./CMSIS/EFM32PG1B/system_efm32pg1b.o
 .group         0x00000000        0xc ./CMSIS/EFM32PG1B/system_efm32pg1b.o
 .group         0x00000000        0xc ./CMSIS/EFM32PG1B/system_efm32pg1b.o
 .group         0x00000000        0xc ./CMSIS/EFM32PG1B/system_efm32pg1b.o
 .group         0x00000000        0xc ./CMSIS/EFM32PG1B/system_efm32pg1b.o
 .group         0x00000000        0xc ./CMSIS/EFM32PG1B/system_efm32pg1b.o
 .group         0x00000000        0xc ./CMSIS/EFM32PG1B/system_efm32pg1b.o
 .group         0x00000000        0xc ./CMSIS/EFM32PG1B/system_efm32pg1b.o
 .group         0x00000000        0xc ./CMSIS/EFM32PG1B/system_efm32pg1b.o
 .group         0x00000000        0xc ./CMSIS/EFM32PG1B/system_efm32pg1b.o
 .group         0x00000000        0xc ./CMSIS/EFM32PG1B/system_efm32pg1b.o
 .group         0x00000000        0xc ./CMSIS/EFM32PG1B/system_efm32pg1b.o
 .group         0x00000000        0xc ./CMSIS/EFM32PG1B/system_efm32pg1b.o
[...]
Memory Configuration

Name             Origin             Length             Attributes
FLASH            0x00000000         0x00040000         xr
RAM              0x20000000         0x00008000         xrw
*default*        0x00000000         0xffffffff

Linker script and memory map

LOAD c:/siliconlabs/simplicitystudio/v4/developer/toolchains/gnu_arm/7.2_2017q4/bin/../lib/gcc/arm-none-eabi/7.2.1/thumb/v7e-m/fpv4-sp/softfp/crti.o
LOAD c:/siliconlabs/simplicitystudio/v4/developer/toolchains/gnu_arm/7.2_2017q4/bin/../lib/gcc/arm-none-eabi/7.2.1/thumb/v7e-m/fpv4-sp/softfp/crtbegin.o
LOAD c:/siliconlabs/simplicitystudio/v4/developer/toolchains/gnu_arm/7.2_2017q4/bin/../lib/gcc/arm-none-eabi/7.2.1/../../../../arm-none-eabi/lib/thumb/v7e-m/fpv4-sp/softfp/crt0.o
LOAD ./CMSIS/EFM32PG1B/startup_efm32pg1b.o
LOAD ./CMSIS/EFM32PG1B/system_efm32pg1b.o
LOAD ./emlib/em_adc.o
LOAD ./emlib/em_cmu.o
LOAD ./emlib/em_core.o
LOAD ./emlib/em_dma.o
LOAD ./emlib/em_emu.o
LOAD ./emlib/em_gpio.o
LOAD ./emlib/em_idac.o
LOAD ./emlib/em_ldma.o
LOAD ./emlib/em_rtcc.o
LOAD ./emlib/em_system.o
LOAD ./emlib/em_timer.o
LOAD ./src/main_s1.o
START GROUP
LOAD c:/siliconlabs/simplicitystudio/v4/developer/toolchains/gnu_arm/7.2_2017q4/bin/../lib/gcc/arm-none-eabi/7.2.1/thumb/v7e-m/fpv4-sp/softfp\libgcc.a
LOAD c:/siliconlabs/simplicitystudio/v4/developer/toolchains/gnu_arm/7.2_2017q4/bin/../lib/gcc/arm-none-eabi/7.2.1/../../../../arm-none-eabi/lib/thumb/v7e-m/fpv4-sp/softfp\libc_nano.a
LOAD c:/siliconlabs/simplicitystudio/v4/developer/toolchains/gnu_arm/7.2_2017q4/bin/../lib/gcc/arm-none-eabi/7.2.1/../../../../arm-none-eabi/lib/thumb/v7e-m/fpv4-sp/softfp\libnosys.a
END GROUP
START GROUP
LOAD c:/siliconlabs/simplicitystudio/v4/developer/toolchains/gnu_arm/7.2_2017q4/bin/../lib/gcc/arm-none-eabi/7.2.1/thumb/v7e-m/fpv4-sp/softfp\libgcc.a
LOAD c:/siliconlabs/simplicitystudio/v4/developer/toolchains/gnu_arm/7.2_2017q4/bin/../lib/gcc/arm-none-eabi/7.2.1/../../../../arm-none-eabi/lib/thumb/v7e-m/fpv4-sp/softfp\libg_nano.a
LOAD c:/siliconlabs/simplicitystudio/v4/developer/toolchains/gnu_arm/7.2_2017q4/bin/../lib/gcc/arm-none-eabi/7.2.1/../../../../arm-none-eabi/lib/thumb/v7e-m/fpv4-sp/softfp\libc_nano.a
END GROUP
START GROUP
LOAD c:/siliconlabs/simplicitystudio/v4/developer/toolchains/gnu_arm/7.2_2017q4/bin/../lib/gcc/arm-none-eabi/7.2.1/thumb/v7e-m/fpv4-sp/softfp\libgcc.a
LOAD c:/siliconlabs/simplicitystudio/v4/developer/toolchains/gnu_arm/7.2_2017q4/bin/../lib/gcc/arm-none-eabi/7.2.1/../../../../arm-none-eabi/lib/thumb/v7e-m/fpv4-sp/softfp\libc_nano.a
END GROUP
LOAD c:/siliconlabs/simplicitystudio/v4/developer/toolchains/gnu_arm/7.2_2017q4/bin/../lib/gcc/arm-none-eabi/7.2.1/thumb/v7e-m/fpv4-sp/softfp/crtend.o
LOAD c:/siliconlabs/simplicitystudio/v4/developer/toolchains/gnu_arm/7.2_2017q4/bin/../lib/gcc/arm-none-eabi/7.2.1/thumb/v7e-m/fpv4-sp/softfp/crtn.o

.text           0x00000000     0x11a0
 *(.vectors)
 .vectors       0x00000000       0xc8 ./CMSIS/EFM32PG1B/startup_efm32pg1b.o
                0x00000000                __Vectors
                0x000000c8                __Vectors_End = .
                0x000000c8                __Vectors_Size = (__Vectors_End - __Vectors)
                0x000000c8                __end__ = .
 *(.text*)
 .text          0x000000c8       0x40 c:/siliconlabs/simplicitystudio/v4/developer/toolchains/gnu_arm/7.2_2017q4/bin/../lib/gcc/arm-none-eabi/7.2.1/thumb/v7e-m/fpv4-sp/softfp/crtbegin.o
 .text          0x00000108       0x74 c:/siliconlabs/simplicitystudio/v4/developer/toolchains/gnu_arm/7.2_2017q4/bin/../lib/gcc/arm-none-eabi/7.2.1/../../../../arm-none-eabi/lib/thumb/v7e-m/fpv4-sp/softfp/crt0.o
                0x00000108                _start
                0x00000108                _mainCRTStartup
 .text          0x0000017c       0x30 ./CMSIS/EFM32PG1B/startup_efm32pg1b.o
                0x0000017c                Reset_Handler
                0x000001a8                USART0_TX_IRQHandler
                0x000001a8                I2C0_IRQHandler
                0x000001a8                HardFault_Handler
                0x000001a8                SysTick_Handler
                0x000001a8                USART1_RX_IRQHandler
                0x000001a8                PendSV_Handler
                0x000001a8                NMI_Handler
                0x000001a8                WDOG0_IRQHandler
                0x000001a8                USART1_TX_IRQHandler
                0x000001a8                MSC_IRQHandler
                0x000001a8                UsageFault_Handler
                0x000001a8                LEUART0_IRQHandler
                0x000001a8                FPUEH_IRQHandler
                0x000001a8                GPIO_EVEN_IRQHandler
                0x000001a8                LDMA_IRQHandler
                0x000001a8                TIMER0_IRQHandler
                0x000001a8                DebugMon_Handler
                0x000001a8                LETIMER0_IRQHandler
                0x000001a8                TIMER1_IRQHandler
                0x000001a8                Default_Handler
                0x000001a8                EMU_IRQHandler
                0x000001a8                CRYOTIMER_IRQHandler
                0x000001a8                PCNT0_IRQHandler
                0x000001a8                ACMP0_IRQHandler
                0x000001a8                USART0_RX_IRQHandler
                0x000001a8                MemManage_Handler
                0x000001a8                SVC_Handler
                0x000001a8                RTCC_IRQHandler
                0x000001a8                CRYPTO_IRQHandler
                0x000001a8                CMU_IRQHandler
                0x000001a8                GPIO_ODD_IRQHandler
                0x000001a8                BusFault_Handler
                0x000001a8                IDAC0_IRQHandler
 .text.SystemHFClockGet
                0x000001ac       0x50 ./CMSIS/EFM32PG1B/system_efm32pg1b.o
                0x000001ac                SystemHFClockGet
 .text.SystemCoreClockGet
                0x000001fc       0x24 ./CMSIS/EFM32PG1B/system_efm32pg1b.o
                0x000001fc                SystemCoreClockGet
 .text.SystemHFXOClockGet
                0x00000220        0xc ./CMSIS/EFM32PG1B/system_efm32pg1b.o
                0x00000220                SystemHFXOClockGet
 .text.SystemInit
                0x0000022c       0x14 ./CMSIS/EFM32PG1B/system_efm32pg1b.o
                0x0000022c                SystemInit
 .text.SystemLFRCOClockGet
                0x00000240        0x8 ./CMSIS/EFM32PG1B/system_efm32pg1b.o
                0x00000240                SystemLFRCOClockGet
 .text.SystemULFRCOClockGet
                0x00000248        0x8 ./CMSIS/EFM32PG1B/system_efm32pg1b.o
                0x00000248                SystemULFRCOClockGet
 .text.SystemLFXOClockGet
                0x00000250        0xc ./CMSIS/EFM32PG1B/system_efm32pg1b.o
                0x00000250                SystemLFXOClockGet
 .text.ADC_LoadDevinfoCal
                0x0000025c       0xc0 ./emlib/em_adc.o
 .text.ADC_Init
                0x0000031c       0xa8 ./emlib/em_adc.o
                0x0000031c                ADC_Init
 .text.ADC_InitSingle
                0x000003c4       0xbc ./emlib/em_adc.o
                0x000003c4                ADC_InitSingle
 .text.ADC_PrescaleCalc
                0x00000480       0x40 ./emlib/em_adc.o
                0x00000480                ADC_PrescaleCalc
 .text.CMU_ClockEnable
                0x000004c0       0x94 ./emlib/em_cmu.o
                0x000004c0                CMU_ClockEnable
 .text.CMU_ClockSelectGet
                0x00000554       0xc4 ./emlib/em_cmu.o
                0x00000554                CMU_ClockSelectGet
 .text.lfClkGet
                0x00000618       0x94 ./emlib/em_cmu.o
 .text.CMU_ClockFreqGet
                0x000006ac      0x160 ./emlib/em_cmu.o
                0x000006ac                CMU_ClockFreqGet
 .text.currentLimitersUpdate
                0x0000080c       0x74 ./emlib/em_emu.o
 .text.EMU_DCDCModeSet
                0x00000880       0x64 ./emlib/em_emu.o
                0x00000880                EMU_DCDCModeSet
 .text.EMU_DCDCOutputVoltageSet
                0x000008e4      0x1b8 ./emlib/em_emu.o
                0x000008e4                EMU_DCDCOutputVoltageSet
 .text.EMU_DCDCOptimizeSlice
                0x00000a9c       0x94 ./emlib/em_emu.o
                0x00000a9c                EMU_DCDCOptimizeSlice
 .text.EMU_DCDCInit
                0x00000b30      0x1a8 ./emlib/em_emu.o
                0x00000b30                EMU_DCDCInit
 .text.GPIO_PinModeSet
                0x00000cd8       0x94 ./emlib/em_gpio.o
                0x00000cd8                GPIO_PinModeSet
 .text.IDAC_Init
                0x00000d6c       0x28 ./emlib/em_idac.o
                0x00000d6c                IDAC_Init
 .text.IDAC_Enable
                0x00000d94        0xc ./emlib/em_idac.o
                0x00000d94                IDAC_Enable
 .text.IDAC_OutEnable
                0x00000da0        0xc ./emlib/em_idac.o
                0x00000da0                IDAC_OutEnable
 .text.SYSTEM_ChipRevisionGet
                0x00000dac       0x34 ./emlib/em_system.o
                0x00000dac                SYSTEM_ChipRevisionGet
 .text.TIMER_Init
                0x00000de0       0x6c ./emlib/em_timer.o
                0x00000de0                TIMER_Init
 .text.initTimer
                0x00000e4c       0x54 ./src/main_s1.o
                0x00000e4c                initTimer
 .text.initIdac
                0x00000ea0       0x4c ./src/main_s1.o
                0x00000ea0                initIdac
 .text.initADC  0x00000eec       0x90 ./src/main_s1.o
                0x00000eec                initADC
 .text.ADC0_IRQHandler
                0x00000f7c       0x34 ./src/main_s1.o
                0x00000f7c                ADC0_IRQHandler
 .text.startup.main
                0x00000fb0      0x130 ./src/main_s1.o
                0x00000fb0                main
 .text.exit     0x000010e0       0x28 c:/siliconlabs/simplicitystudio/v4/developer/toolchains/gnu_arm/7.2_2017q4/bin/../lib/gcc/arm-none-eabi/7.2.1/../../../../arm-none-eabi/lib/thumb/v7e-m/fpv4-sp/softfp\libc_nano.a(lib_a-exit.o)
                0x000010e0                exit
 .text.__libc_init_array
                0x00001108       0x48 c:/siliconlabs/simplicitystudio/v4/developer/toolchains/gnu_arm/7.2_2017q4/bin/../lib/gcc/arm-none-eabi/7.2.1/../../../../arm-none-eabi/lib/thumb/v7e-m/fpv4-sp/softfp\libc_nano.a(lib_a-init.o)
                0x00001108                __libc_init_array
 .text.memset   0x00001150       0x10 c:/siliconlabs/simplicitystudio/v4/developer/toolchains/gnu_arm/7.2_2017q4/bin/../lib/gcc/arm-none-eabi/7.2.1/../../../../arm-none-eabi/lib/thumb/v7e-m/fpv4-sp/softfp\libc_nano.a(lib_a-memset.o)
                0x00001150                memset
 .text._exit    0x00001160        0x4 c:/siliconlabs/simplicitystudio/v4/developer/toolchains/gnu_arm/7.2_2017q4/bin/../lib/gcc/arm-none-eabi/7.2.1/../../../../arm-none-eabi/lib/thumb/v7e-m/fpv4-sp/softfp\libnosys.a(_exit.o)
                0x00001160                _exit
 *(.init)
 .init          0x00001164        0x4 c:/siliconlabs/simplicitystudio/v4/developer/toolchains/gnu_arm/7.2_2017q4/bin/../lib/gcc/arm-none-eabi/7.2.1/thumb/v7e-m/fpv4-sp/softfp/crti.o
                0x00001164                _init
 .init          0x00001168        0x8 c:/siliconlabs/simplicitystudio/v4/developer/toolchains/gnu_arm/7.2_2017q4/bin/../lib/gcc/arm-none-eabi/7.2.1/thumb/v7e-m/fpv4-sp/softfp/crtn.o
 *(.fini)
 .fini          0x00001170        0x4 c:/siliconlabs/simplicitystudio/v4/developer/toolchains/gnu_arm/7.2_2017q4/bin/../lib/gcc/arm-none-eabi/7.2.1/thumb/v7e-m/fpv4-sp/softfp/crti.o
                0x00001170                _fini
 .fini          0x00001174        0x8 c:/siliconlabs/simplicitystudio/v4/developer/toolchains/gnu_arm/7.2_2017q4/bin/../lib/gcc/arm-none-eabi/7.2.1/thumb/v7e-m/fpv4-sp/softfp/crtn.o
 *crtbegin.o(.ctors)
 *crtbegin?.o(.ctors)
 *(EXCLUDE_FILE(*crtend.o *crtend?.o) .ctors)
 *(SORT_BY_NAME(.ctors.*))
 *(.ctors)
 *crtbegin.o(.dtors)
 *crtbegin?.o(.dtors)
 *(EXCLUDE_FILE(*crtend.o *crtend?.o) .dtors)
 *(SORT_BY_NAME(.dtors.*))
 *(.dtors)
 *(.rodata*)
 .rodata.CSWTCH.46
                0x0000117c        0x3 ./emlib/em_cmu.o
 *fill*         0x0000117f        0x1 
 .rodata.CSWTCH.47
                0x00001180        0x4 ./emlib/em_cmu.o
 .rodata.CSWTCH.48
                0x00001184        0x4 ./emlib/em_cmu.o
 .rodata        0x00001188       0x10 ./src/main_s1.o
 .rodata._global_impure_ptr
                0x00001198        0x4 c:/siliconlabs/simplicitystudio/v4/developer/toolchains/gnu_arm/7.2_2017q4/bin/../lib/gcc/arm-none-eabi/7.2.1/../../../../arm-none-eabi/lib/thumb/v7e-m/fpv4-sp/softfp\libc_nano.a(lib_a-impure.o)
                0x00001198                _global_impure_ptr
 *(.eh_frame*)
 .eh_frame      0x0000119c        0x0 c:/siliconlabs/simplicitystudio/v4/developer/toolchains/gnu_arm/7.2_2017q4/bin/../lib/gcc/arm-none-eabi/7.2.1/thumb/v7e-m/fpv4-sp/softfp/crtbegin.o
 .eh_frame      0x0000119c        0x4 c:/siliconlabs/simplicitystudio/v4/developer/toolchains/gnu_arm/7.2_2017q4/bin/../lib/gcc/arm-none-eabi/7.2.1/thumb/v7e-m/fpv4-sp/softfp/crtend.o

.glue_7         0x000011a0        0x0
 .glue_7        0x000011a0        0x0 linker stubs

.glue_7t        0x000011a0        0x0
 .glue_7t       0x000011a0        0x0 linker stubs

.vfp11_veneer   0x000011a0        0x0
 .vfp11_veneer  0x000011a0        0x0 linker stubs

.v4_bx          0x000011a0        0x0
 .v4_bx         0x000011a0        0x0 linker stubs

.iplt           0x000011a0        0x0
 .iplt          0x000011a0        0x0 c:/siliconlabs/simplicitystudio/v4/developer/toolchains/gnu_arm/7.2_2017q4/bin/../lib/gcc/arm-none-eabi/7.2.1/thumb/v7e-m/fpv4-sp/softfp/crtbegin.o

.ARM.extab
 *(.ARM.extab* .gnu.linkonce.armextab.*)
                0x000011a0                __exidx_start = .

.ARM.exidx      0x000011a0        0x8
 *(.ARM.exidx* .gnu.linkonce.armexidx.*)
 .ARM.exidx     0x000011a0        0x8 c:/siliconlabs/simplicitystudio/v4/developer/toolchains/gnu_arm/7.2_2017q4/bin/../lib/gcc/arm-none-eabi/7.2.1/../../../../arm-none-eabi/lib/thumb/v7e-m/fpv4-sp/softfp/crt0.o
                0x000011a8                __exidx_end = .
                0x000011a8                __etext = .

.rel.dyn        0x000011a8        0x0
 .rel.iplt      0x000011a8        0x0 c:/siliconlabs/simplicitystudio/v4/developer/toolchains/gnu_arm/7.2_2017q4/bin/../lib/gcc/arm-none-eabi/7.2.1/thumb/v7e-m/fpv4-sp/softfp/crtbegin.o

.data           0x20000000       0x7c load address 0x000011a8
                0x20000000                __data_start__ = .
 *(vtable)
 *(.data*)
 .data.SystemCoreClock
                0x20000000        0x4 ./CMSIS/EFM32PG1B/system_efm32pg1b.o
                0x20000000                SystemCoreClock
 .data.SystemHFXOClock
                0x20000004        0x4 ./CMSIS/EFM32PG1B/system_efm32pg1b.o
 .data.SystemHfrcoFreq
                0x20000008        0x4 ./CMSIS/EFM32PG1B/system_efm32pg1b.o
                0x20000008                SystemHfrcoFreq
 .data.SystemLFXOClock
                0x2000000c        0x4 ./CMSIS/EFM32PG1B/system_efm32pg1b.o
 .data.auxHfrcoFreq
                0x20000010        0x4 ./emlib/em_cmu.o
 .data.impure_data
                0x20000014       0x60 c:/siliconlabs/simplicitystudio/v4/developer/toolchains/gnu_arm/7.2_2017q4/bin/../lib/gcc/arm-none-eabi/7.2.1/../../../../arm-none-eabi/lib/thumb/v7e-m/fpv4-sp/softfp\libc_nano.a(lib_a-impure.o)
                0x20000074                . = ALIGN (0x4)
 *(.ram)
                0x20000074                . = ALIGN (0x4)
                0x20000074                PROVIDE (__preinit_array_start, .)
 *(.preinit_array)
                0x20000074                PROVIDE (__preinit_array_end, .)
                0x20000074                . = ALIGN (0x4)
                0x20000074                PROVIDE (__init_array_start, .)
 *(SORT_BY_NAME(.init_array.*))
 *(.init_array)
 .init_array    0x20000074        0x4 c:/siliconlabs/simplicitystudio/v4/developer/toolchains/gnu_arm/7.2_2017q4/bin/../lib/gcc/arm-none-eabi/7.2.1/thumb/v7e-m/fpv4-sp/softfp/crtbegin.o
                0x20000078                PROVIDE (__init_array_end, .)
                0x20000078                . = ALIGN (0x4)
                [!provide]                PROVIDE (__fini_array_start, .)
 *(SORT_BY_NAME(.fini_array.*))
 *(.fini_array)
 .fini_array    0x20000078        0x4 c:/siliconlabs/simplicitystudio/v4/developer/toolchains/gnu_arm/7.2_2017q4/bin/../lib/gcc/arm-none-eabi/7.2.1/thumb/v7e-m/fpv4-sp/softfp/crtbegin.o
                [!provide]                PROVIDE (__fini_array_end, .)
 *(.jcr*)
                0x2000007c                . = ALIGN (0x4)
                0x2000007c                __data_end__ = .

.igot.plt       0x2000007c        0x0 load address 0x00001224
 .igot.plt      0x2000007c        0x0 c:/siliconlabs/simplicitystudio/v4/developer/toolchains/gnu_arm/7.2_2017q4/bin/../lib/gcc/arm-none-eabi/7.2.1/thumb/v7e-m/fpv4-sp/softfp/crtbegin.o

.bss            0x2000007c     0x402c load address 0x00001224
                0x2000007c                . = ALIGN (0x4)
                0x2000007c                __bss_start__ = .
 *(.bss*)
 .bss           0x2000007c       0x1c c:/siliconlabs/simplicitystudio/v4/developer/toolchains/gnu_arm/7.2_2017q4/bin/../lib/gcc/arm-none-eabi/7.2.1/thumb/v7e-m/fpv4-sp/softfp/crtbegin.o
 .bss.dcdcEm01LoadCurrent_mA
                0x20000098        0x2 ./emlib/em_emu.o
 .bss.dcdcMaxCurrent_mA
                0x2000009a        0x2 ./emlib/em_emu.o
 .bss.dcdcReverseCurrentControl
                0x2000009c        0x2 ./emlib/em_emu.o
 .bss.errataFixDcdcHsState
                0x2000009e        0x1 ./emlib/em_emu.o
 *(COMMON)
 *fill*         0x2000009f        0x1 
 COMMON         0x200000a0     0x4006 ./src/main_s1.o
                0x200000a0                audioData
                0x200040a0                sample
                0x200040a4                audioData_counter
                0x200040a8                . = ALIGN (0x4)
 *fill*         0x200040a6        0x2 
                0x200040a8                __bss_end__ = .

.heap           0x200040a8      0xc00
                0x200040a8                __HeapBase = .
                0x200040a8                __end__ = .
                0x200040a8                end = __end__
                0x200040a8                _end = __end__
 *(.heap*)
 .heap          0x200040a8      0xc00 ./CMSIS/EFM32PG1B/startup_efm32pg1b.o
                0x20004ca8                __HeapLimit = .

.stack_dummy    0x200040a8      0x400
 *(.stack*)
 .stack         0x200040a8      0x400 ./CMSIS/EFM32PG1B/startup_efm32pg1b.o
                0x20008000                __StackTop = (ORIGIN (RAM) + LENGTH (RAM))
                0x20007c00                __StackLimit = (__StackTop - SIZEOF (.stack_dummy))
                0x20008000                PROVIDE (__stack, __StackTop)
                0x00000001                ASSERT ((__StackLimit >= __HeapLimit), region RAM overflowed with stack)
                0x00000001                ASSERT ((LENGTH (FLASH) >= (__etext + SIZEOF (.data))), FLASH memory overflowed !)
OUTPUT(SLSTK3401A_EFM32PG1B_adc_single_interrupt.axf elf32-littlearm)

.ARM.attributes
                0x00000000       0x2e
 .ARM.attributes
                0x00000000       0x22 c:/siliconlabs/simplicitystudio/v4/developer/toolchains/gnu_arm/7.2_2017q4/bin/../lib/gcc/arm-none-eabi/7.2.1/thumb/v7e-m/fpv4-sp/softfp/crti.o
 .ARM.attributes
                0x00000022       0x32 c:/siliconlabs/simplicitystudio/v4/developer/toolchains/gnu_arm/7.2_2017q4/bin/../lib/gcc/arm-none-eabi/7.2.1/thumb/v7e-m/fpv4-sp/softfp/crtbegin.o
 .ARM.attributes
                0x00000054       0x20 c:/siliconlabs/simplicitystudio/v4/developer/toolchains/gnu_arm/7.2_2017q4/bin/../lib/gcc/arm-none-eabi/7.2.1/../../../../arm-none-eabi/lib/thumb/v7e-m/fpv4-sp/softfp/crt0.o
 .ARM.attributes
                0x00000074       0x1f ./CMSIS/EFM32PG1B/startup_efm32pg1b.o
 .ARM.attributes
                0x00000093       0x37 ./CMSIS/EFM32PG1B/system_efm32pg1b.o
 .ARM.attributes
                0x000000ca       0x37 ./emlib/em_adc.o
 .ARM.attributes
                0x00000101       0x37 ./emlib/em_cmu.o
 .ARM.attributes
                0x00000138       0x37 ./emlib/em_emu.o
 .ARM.attributes
                0x0000016f       0x37 ./emlib/em_gpio.o
 .ARM.attributes
                0x000001a6       0x37 ./emlib/em_idac.o
 .ARM.attributes
                0x000001dd       0x37 ./emlib/em_system.o
 .ARM.attributes
                0x00000214       0x37 ./emlib/em_timer.o
 .ARM.attributes
                0x0000024b       0x37 ./src/main_s1.o
 .ARM.attributes
                0x00000282       0x32 c:/siliconlabs/simplicitystudio/v4/developer/toolchains/gnu_arm/7.2_2017q4/bin/../lib/gcc/arm-none-eabi/7.2.1/../../../../arm-none-eabi/lib/thumb/v7e-m/fpv4-sp/softfp\libc_nano.a(lib_a-exit.o)
 .ARM.attributes
                0x000002b4       0x32 c:/siliconlabs/simplicitystudio/v4/developer/toolchains/gnu_arm/7.2_2017q4/bin/../lib/gcc/arm-none-eabi/7.2.1/../../../../arm-none-eabi/lib/thumb/v7e-m/fpv4-sp/softfp\libc_nano.a(lib_a-impure.o)
 .ARM.attributes
                0x000002e6       0x32 c:/siliconlabs/simplicitystudio/v4/developer/toolchains/gnu_arm/7.2_2017q4/bin/../lib/gcc/arm-none-eabi/7.2.1/../../../../arm-none-eabi/lib/thumb/v7e-m/fpv4-sp/softfp\libc_nano.a(lib_a-init.o)
 .ARM.attributes
                0x00000318       0x32 c:/siliconlabs/simplicitystudio/v4/developer/toolchains/gnu_arm/7.2_2017q4/bin/../lib/gcc/arm-none-eabi/7.2.1/../../../../arm-none-eabi/lib/thumb/v7e-m/fpv4-sp/softfp\libc_nano.a(lib_a-memset.o)
 .ARM.attributes
                0x0000034a       0x32 c:/siliconlabs/simplicitystudio/v4/developer/toolchains/gnu_arm/7.2_2017q4/bin/../lib/gcc/arm-none-eabi/7.2.1/../../../../arm-none-eabi/lib/thumb/v7e-m/fpv4-sp/softfp\libnosys.a(_exit.o)
 .ARM.attributes
                0x0000037c       0x32 c:/siliconlabs/simplicitystudio/v4/developer/toolchains/gnu_arm/7.2_2017q4/bin/../lib/gcc/arm-none-eabi/7.2.1/thumb/v7e-m/fpv4-sp/softfp/crtend.o
 .ARM.attributes
                0x000003ae       0x22 c:/siliconlabs/simplicitystudio/v4/developer/toolchains/gnu_arm/7.2_2017q4/bin/../lib/gcc/arm-none-eabi/7.2.1/thumb/v7e-m/fpv4-sp/softfp/crtn.o

.comment        0x00000000       0x7e
 .comment       0x00000000       0x7e ./CMSIS/EFM32PG1B/system_efm32pg1b.o
                                 0x7f (size before relaxing)
 .comment       0x0000007e       0x7f ./emlib/em_adc.o
 .comment       0x0000007e       0x7f ./emlib/em_cmu.o
 .comment       0x0000007e       0x7f ./emlib/em_emu.o
 .comment       0x0000007e       0x7f ./emlib/em_gpio.o
 .comment       0x0000007e       0x7f ./emlib/em_idac.o
 .comment       0x0000007e       0x7f ./emlib/em_system.o
 .comment       0x0000007e       0x7f ./emlib/em_timer.o
 .comment       0x0000007e       0x7f ./src/main_s1.o

.debug_line     0x00000000     0x64d1
 .debug_line    0x00000000       0xd7 ./CMSIS/EFM32PG1B/startup_efm32pg1b.o
 .debug_line    0x000000d7      0x806 ./CMSIS/EFM32PG1B/system_efm32pg1b.o
 .debug_line    0x000008dd      0xaa2 ./emlib/em_adc.o
 .debug_line    0x0000137f     0x13dd ./emlib/em_cmu.o
 .debug_line    0x0000275c      0xfe5 ./emlib/em_emu.o
 .debug_line    0x00003741      0x8f9 ./emlib/em_gpio.o
 .debug_line    0x0000403a      0x89f ./emlib/em_idac.o
 .debug_line    0x000048d9      0x7c4 ./emlib/em_system.o
 .debug_line    0x0000509d      0x927 ./emlib/em_timer.o
 .debug_line    0x000059c4      0xb0d ./src/main_s1.o

.debug_info     0x00000000     0xe0e0
 .debug_info    0x00000000       0x26 ./CMSIS/EFM32PG1B/startup_efm32pg1b.o
 .debug_info    0x00000026      0x925 ./CMSIS/EFM32PG1B/system_efm32pg1b.o
 .debug_info    0x0000094b     0x1e47 ./emlib/em_adc.o
 .debug_info    0x00002792     0x2f61 ./emlib/em_cmu.o
 .debug_info    0x000056f3     0x2a6b ./emlib/em_emu.o
 .debug_info    0x0000815e      0xebc ./emlib/em_gpio.o
 .debug_info    0x0000901a      0xa47 ./emlib/em_idac.o
 .debug_info    0x00009a61      0x28e ./emlib/em_system.o
 .debug_info    0x00009cef      0x9dc ./emlib/em_timer.o
 .debug_info    0x0000a6cb     0x3a15 ./src/main_s1.o

.debug_abbrev   0x00000000     0x1b78
 .debug_abbrev  0x00000000       0x14 ./CMSIS/EFM32PG1B/startup_efm32pg1b.o
 .debug_abbrev  0x00000014      0x218 ./CMSIS/EFM32PG1B/system_efm32pg1b.o
 .debug_abbrev  0x0000022c      0x351 ./emlib/em_adc.o
 .debug_abbrev  0x0000057d      0x48c ./emlib/em_cmu.o
 .debug_abbrev  0x00000a09      0x4d9 ./emlib/em_emu.o
 .debug_abbrev  0x00000ee2      0x2fa ./emlib/em_gpio.o
 .debug_abbrev  0x000011dc      0x213 ./emlib/em_idac.o
 .debug_abbrev  0x000013ef      0x12c ./emlib/em_system.o
 .debug_abbrev  0x0000151b      0x1ca ./emlib/em_timer.o
 .debug_abbrev  0x000016e5      0x493 ./src/main_s1.o

.debug_aranges  0x00000000      0x478
 .debug_aranges
                0x00000000       0x20 ./CMSIS/EFM32PG1B/startup_efm32pg1b.o
 .debug_aranges
                0x00000020       0x68 ./CMSIS/EFM32PG1B/system_efm32pg1b.o
 .debug_aranges
                0x00000088       0x70 ./emlib/em_adc.o
 .debug_aranges
                0x000000f8      0x118 ./emlib/em_cmu.o
 .debug_aranges
                0x00000210      0x108 ./emlib/em_emu.o
 .debug_aranges
                0x00000318       0x48 ./emlib/em_gpio.o
 .debug_aranges
                0x00000360       0x50 ./emlib/em_idac.o
 .debug_aranges
                0x000003b0       0x28 ./emlib/em_system.o
 .debug_aranges
                0x000003d8       0x38 ./emlib/em_timer.o
 .debug_aranges
                0x00000410       0x68 ./src/main_s1.o

.debug_str      0x00000000    0xf227d
 .debug_str     0x00000000      0x109 ./CMSIS/EFM32PG1B/startup_efm32pg1b.o
 .debug_str     0x00000109    0xe324a ./CMSIS/EFM32PG1B/system_efm32pg1b.o
                              0xe34db (size before relaxing)
 .debug_str     0x000e3353     0x3f3e ./emlib/em_adc.o
                              0xe70c2 (size before relaxing)
 .debug_str     0x000e7291     0x2bd4 ./emlib/em_cmu.o
                              0xe730a (size before relaxing)
 .debug_str     0x000e9e65     0x11b6 ./emlib/em_emu.o
                              0xe786b (size before relaxing)
 .debug_str     0x000eb01b      0xc64 ./emlib/em_gpio.o
                              0xe3ece (size before relaxing)
 .debug_str     0x000ebc7f      0x596 ./emlib/em_idac.o
                              0xe446e (size before relaxing)
 .debug_str     0x000ec215       0xf5 ./emlib/em_system.o
                              0xe346b (size before relaxing)
 .debug_str     0x000ec30a      0xa54 ./emlib/em_timer.o
                              0xe3ae0 (size before relaxing)
 .debug_str     0x000ecd5e     0x551f ./src/main_s1.o
                              0xeef0d (size before relaxing)

.debug_loc      0x00000000     0x692c
 .debug_loc     0x00000000       0xe6 ./CMSIS/EFM32PG1B/system_efm32pg1b.o
 .debug_loc     0x000000e6      0xda8 ./emlib/em_adc.o
 .debug_loc     0x00000e8e     0x2828 ./emlib/em_cmu.o
 .debug_loc     0x000036b6     0x1b71 ./emlib/em_emu.o
 .debug_loc     0x00005227      0x87d ./emlib/em_gpio.o
 .debug_loc     0x00005aa4      0x51d ./emlib/em_idac.o
 .debug_loc     0x00005fc1       0x98 ./emlib/em_system.o
 .debug_loc     0x00006059      0x1b2 ./emlib/em_timer.o
 .debug_loc     0x0000620b      0x721 ./src/main_s1.o

.debug_ranges   0x00000000      0xfa0
 .debug_ranges  0x00000000       0x58 ./CMSIS/EFM32PG1B/system_efm32pg1b.o
 .debug_ranges  0x00000058      0x148 ./emlib/em_adc.o
 .debug_ranges  0x000001a0      0x718 ./emlib/em_cmu.o
 .debug_ranges  0x000008b8      0x318 ./emlib/em_emu.o
 .debug_ranges  0x00000bd0      0x160 ./emlib/em_gpio.o
 .debug_ranges  0x00000d30       0x40 ./emlib/em_idac.o
 .debug_ranges  0x00000d70       0x18 ./emlib/em_system.o
 .debug_ranges  0x00000d88       0x68 ./emlib/em_timer.o
 .debug_ranges  0x00000df0      0x1b0 ./src/main_s1.o

.debug_macro    0x00000000    0x23bb1
 .debug_macro   0x00000000      0x22f ./CMSIS/EFM32PG1B/system_efm32pg1b.o
 .debug_macro   0x0000022f      0xa48 ./CMSIS/EFM32PG1B/system_efm32pg1b.o
 .debug_macro   0x00000c77       0x22 ./CMSIS/EFM32PG1B/system_efm32pg1b.o
 .debug_macro   0x00000c99       0x4f ./CMSIS/EFM32PG1B/system_efm32pg1b.o
 .debug_macro   0x00000ce8       0x51 ./CMSIS/EFM32PG1B/system_efm32pg1b.o
 .debug_macro   0x00000d39       0xef ./CMSIS/EFM32PG1B/system_efm32pg1b.o
 .debug_macro   0x00000e28       0x6a ./CMSIS/EFM32PG1B/system_efm32pg1b.o
 .debug_macro   0x00000e92      0x1df ./CMSIS/EFM32PG1B/system_efm32pg1b.o
 .debug_macro   0x00001071      0x326 ./CMSIS/EFM32PG1B/system_efm32pg1b.o
 .debug_macro   0x00001397       0x3b ./CMSIS/EFM32PG1B/system_efm32pg1b.o
 .debug_macro   0x000013d2       0x50 ./CMSIS/EFM32PG1B/system_efm32pg1b.o
 .debug_macro   0x00001422      0xe66 ./CMSIS/EFM32PG1B/system_efm32pg1b.o
 .debug_macro   0x00002288      0xa6b ./CMSIS/EFM32PG1B/system_efm32pg1b.o
 .debug_macro   0x00002cf3     0x1999 ./CMSIS/EFM32PG1B/system_efm32pg1b.o
 .debug_macro   0x0000468c      0x32b ./CMSIS/EFM32PG1B/system_efm32pg1b.o
 .debug_macro   0x000049b7     0x2a51 ./CMSIS/EFM32PG1B/system_efm32pg1b.o
 .debug_macro   0x00007408     0x1b30 ./CMSIS/EFM32PG1B/system_efm32pg1b.o
 .debug_macro   0x00008f38     0x2174 ./CMSIS/EFM32PG1B/system_efm32pg1b.o
 .debug_macro   0x0000b0ac     0x1771 ./CMSIS/EFM32PG1B/system_efm32pg1b.o
 .debug_macro   0x0000c81d      0xbef ./CMSIS/EFM32PG1B/system_efm32pg1b.o
 .debug_macro   0x0000d40c      0x346 ./CMSIS/EFM32PG1B/system_efm32pg1b.o
 .debug_macro   0x0000d752      0x29e ./CMSIS/EFM32PG1B/system_efm32pg1b.o
 .debug_macro   0x0000d9f0     0x2765 ./CMSIS/EFM32PG1B/system_efm32pg1b.o
 .debug_macro   0x00010155     0x31ce ./CMSIS/EFM32PG1B/system_efm32pg1b.o
 .debug_macro   0x00013323     0x136d ./CMSIS/EFM32PG1B/system_efm32pg1b.o
 .debug_macro   0x00014690      0xde4 ./CMSIS/EFM32PG1B/system_efm32pg1b.o
 .debug_macro   0x00015474      0x23d ./CMSIS/EFM32PG1B/system_efm32pg1b.o
 .debug_macro   0x000156b1     0x1044 ./CMSIS/EFM32PG1B/system_efm32pg1b.o
 .debug_macro   0x000166f5     0x1607 ./CMSIS/EFM32PG1B/system_efm32pg1b.o
 .debug_macro   0x00017cfc     0x38e5 ./CMSIS/EFM32PG1B/system_efm32pg1b.o
 .debug_macro   0x0001b5e1     0x2291 ./CMSIS/EFM32PG1B/system_efm32pg1b.o
 .debug_macro   0x0001d872      0x619 ./CMSIS/EFM32PG1B/system_efm32pg1b.o
 .debug_macro   0x0001de8b      0xfb1 ./CMSIS/EFM32PG1B/system_efm32pg1b.o
 .debug_macro   0x0001ee3c      0x6b7 ./CMSIS/EFM32PG1B/system_efm32pg1b.o
 .debug_macro   0x0001f4f3     0x10cc ./CMSIS/EFM32PG1B/system_efm32pg1b.o
 .debug_macro   0x000205bf       0x40 ./CMSIS/EFM32PG1B/system_efm32pg1b.o
 .debug_macro   0x000205ff      0x1d2 ./CMSIS/EFM32PG1B/system_efm32pg1b.o
 .debug_macro   0x000207d1      0x1ed ./CMSIS/EFM32PG1B/system_efm32pg1b.o
 .debug_macro   0x000209be       0xc4 ./CMSIS/EFM32PG1B/system_efm32pg1b.o
 .debug_macro   0x00020a82       0x35 ./CMSIS/EFM32PG1B/system_efm32pg1b.o
 .debug_macro   0x00020ab7      0x15a ./CMSIS/EFM32PG1B/system_efm32pg1b.o
 .debug_macro   0x00020c11      0x15a ./CMSIS/EFM32PG1B/system_efm32pg1b.o
 .debug_macro   0x00020d6b      0x2e7 ./emlib/em_adc.o
 .debug_macro   0x00021052       0x35 ./emlib/em_adc.o
 .debug_macro   0x00021087       0x22 ./emlib/em_adc.o
 .debug_macro   0x000210a9       0x51 ./emlib/em_adc.o
 .debug_macro   0x000210fa       0x10 ./emlib/em_adc.o
 .debug_macro   0x0002110a      0x2d3 ./emlib/em_adc.o
 .debug_macro   0x000213dd      0x16d ./emlib/em_adc.o
 .debug_macro   0x0002154a      0x318 ./emlib/em_cmu.o
 .debug_macro   0x00021862       0x58 ./emlib/em_cmu.o
 .debug_macro   0x000218ba      0x353 ./emlib/em_cmu.o
 .debug_macro   0x00021c0d       0x25 ./emlib/em_cmu.o
 .debug_macro   0x00021c32       0xee ./emlib/em_cmu.o
 .debug_macro   0x00021d20       0x73 ./emlib/em_cmu.o
 .debug_macro   0x00021d93       0x69 ./emlib/em_cmu.o
 .debug_macro   0x00021dfc      0x354 ./emlib/em_emu.o
 .debug_macro   0x00022150       0x52 ./emlib/em_emu.o
 .debug_macro   0x000221a2       0x55 ./emlib/em_emu.o
 .debug_macro   0x000221f7       0x6d ./emlib/em_emu.o
 .debug_macro   0x00022264      0x248 ./emlib/em_gpio.o
 .debug_macro   0x000224ac       0xe4 ./emlib/em_gpio.o
 .debug_macro   0x00022590      0x253 ./emlib/em_idac.o
 .debug_macro   0x000227e3       0x11 ./emlib/em_idac.o
 .debug_macro   0x000227f4      0x236 ./emlib/em_system.o
 .debug_macro   0x00022a2a      0x236 ./emlib/em_timer.o
 .debug_macro   0x00022c60       0x25 ./emlib/em_timer.o
 .debug_macro   0x00022c85      0x3a2 ./src/main_s1.o
 .debug_macro   0x00023027       0x17 ./src/main_s1.o
 .debug_macro   0x0002303e       0x35 ./src/main_s1.o
 .debug_macro   0x00023073       0x9c ./src/main_s1.o
 .debug_macro   0x0002310f       0x16 ./src/main_s1.o
 .debug_macro   0x00023125       0x57 ./src/main_s1.o
 .debug_macro   0x0002317c       0x97 ./src/main_s1.o
 .debug_macro   0x00023213       0xf6 ./src/main_s1.o
 .debug_macro   0x00023309       0x10 ./src/main_s1.o
 .debug_macro   0x00023319       0x58 ./src/main_s1.o
 .debug_macro   0x00023371       0x1f ./src/main_s1.o
 .debug_macro   0x00023390       0x43 ./src/main_s1.o
 .debug_macro   0x000233d3       0x20 ./src/main_s1.o
 .debug_macro   0x000233f3      0x18e ./src/main_s1.o
 .debug_macro   0x00023581       0x10 ./src/main_s1.o
 .debug_macro   0x00023591       0xb6 ./src/main_s1.o
 .debug_macro   0x00023647       0x16 ./src/main_s1.o
 .debug_macro   0x0002365d      0x129 ./src/main_s1.o
 .debug_macro   0x00023786      0x2d9 ./src/main_s1.o
 .debug_macro   0x00023a5f       0x57 ./src/main_s1.o
 .debug_macro   0x00023ab6       0x17 ./src/main_s1.o
 .debug_macro   0x00023acd       0x2b ./src/main_s1.o
 .debug_macro   0x00023af8       0xb9 ./src/main_s1.o

.debug_frame    0x00000000      0xc28
 .debug_frame   0x00000000       0xc8 ./CMSIS/EFM32PG1B/system_efm32pg1b.o
 .debug_frame   0x000000c8      0x148 ./emlib/em_adc.o
 .debug_frame   0x00000210      0x2f8 ./emlib/em_cmu.o
 .debug_frame   0x00000508      0x324 ./emlib/em_emu.o
 .debug_frame   0x0000082c       0xac ./emlib/em_gpio.o
 .debug_frame   0x000008d8       0xd0 ./emlib/em_idac.o
 .debug_frame   0x000009a8       0x30 ./emlib/em_system.o
 .debug_frame   0x000009d8       0x8c ./emlib/em_timer.o
 .debug_frame   0x00000a64      0x130 ./src/main_s1.o
 .debug_frame   0x00000b94       0x28 c:/siliconlabs/simplicitystudio/v4/developer/toolchains/gnu_arm/7.2_2017q4/bin/../lib/gcc/arm-none-eabi/7.2.1/../../../../arm-none-eabi/lib/thumb/v7e-m/fpv4-sp/softfp\libc_nano.a(lib_a-exit.o)
 .debug_frame   0x00000bbc       0x2c c:/siliconlabs/simplicitystudio/v4/developer/toolchains/gnu_arm/7.2_2017q4/bin/../lib/gcc/arm-none-eabi/7.2.1/../../../../arm-none-eabi/lib/thumb/v7e-m/fpv4-sp/softfp\libc_nano.a(lib_a-init.o)
 .debug_frame   0x00000be8       0x20 c:/siliconlabs/simplicitystudio/v4/developer/toolchains/gnu_arm/7.2_2017q4/bin/../lib/gcc/arm-none-eabi/7.2.1/../../../../arm-none-eabi/lib/thumb/v7e-m/fpv4-sp/softfp\libc_nano.a(lib_a-memset.o)
 .debug_frame   0x00000c08       0x20 c:/siliconlabs/simplicitystudio/v4/developer/toolchains/gnu_arm/7.2_2017q4/bin/../lib/gcc/arm-none-eabi/7.2.1/../../../../arm-none-eabi/lib/thumb/v7e-m/fpv4-sp/softfp\libnosys.a(_exit.o)
